--------------------------------------------------------------------------------------
Timing Analyzer Summary
--------------------------------------------------------------------------------------

Type           : Worst-case tco
Slack          : N/A
Required Time  : None
Actual Time    : 137.700 ns
From           : lpm_rom0:inst|lpm_rom:lpm_rom_component|altrom:srom|q[12]
To             : d_bus[0]
From Clock     : clk
To Clock       : --
Failed Paths   : 0

Type           : Clock Setup: 'clk'
Slack          : N/A
Required Time  : None
Actual Time    : 3.70 MHz ( period = 270.200 ns )
From           : lpm_rom0:inst|lpm_rom:lpm_rom_component|altrom:srom|q[12]
To             : lpm_ram_dq0:inst15|lpm_ram_dq:lpm_ram_dq_component|altram:sram|q[0]~reg_in
From Clock     : clk
To Clock       : clk
Failed Paths   : 0

Type           : Clock Hold: 'clk'
Slack          : Not operational: Clock Skew > Data Delay
Required Time  : None
Actual Time    : N/A
From           : lpm_rom0:inst|lpm_rom:lpm_rom_component|altrom:srom|q[15]
To             : alu:inst12|cl
From Clock     : clk
To Clock       : clk
Failed Paths   : 15

Type           : Total number of failed paths
Slack          : 
Required Time  : 
Actual Time    : 
From           : 
To             : 
From Clock     : 
To Clock       : 
Failed Paths   : 15

--------------------------------------------------------------------------------------

