Component: ARM Compiler 5.06 update 6 (build 750) Tool: armlink [4d35ed]

==============================================================================

Section Cross References

    1.o(program) refers to 1.o(stack) for stack_top


==============================================================================

Image Symbol Table

    Local Symbols

    Symbol Name                              Value     Ov Type        Size  Object(Section)

    1.s                                      0x00000000   Number         0  1.o ABSOLUTE
    program                                  0x08000000   Section      288  1.o(program)
    reset                                    0x08000000   Section        0  1.o(reset)
    start                                    0x08000009   Thumb Code     0  1.o(program)
    tab                                      0x080000de   Data           8  1.o(program)
    stack                                    0x20000000   Section     1024  1.o(stack)
    stack_top                                0x20000400   Data           0  1.o(stack)

    Global Symbols

    Symbol Name                              Value     Ov Type        Size  Object(Section)

    BuildAttributes$$THM_ISAv4$P$D$K$B$S$PE$A:L22UL41UL21$X:L11$S22US41US21$IEEE1$IW$USESV6$~STKCKD$USESV7$~SHL$OSPACE$EBA8$STANDARDLIB$PRES8$EABIv2 0x00000000   Number         0  anon$$obj.o ABSOLUTE



==============================================================================

Memory Map of the image

  Image Entry point : 0x08000009

  Load Region LR_IROM1 (Base: 0x08000000, Size: 0x00000120, Max: 0x00020000, ABSOLUTE)

    Execution Region ER_IROM1 (Exec base: 0x08000000, Load base: 0x08000000, Size: 0x00000120, Max: 0x00020000, ABSOLUTE)

    Exec Addr    Load Addr    Size         Type   Attr      Idx    E Section Name        Object

    0x08000000   0x08000000   0x00000000   Data   RO            2    reset               1.o
    0x08000000   0x08000000   0x00000120   Code   RO            3  * program             1.o


    Execution Region RW_IRAM1 (Exec base: 0x20000000, Load base: 0x08000120, Size: 0x00000400, Max: 0x00008000, ABSOLUTE)

    Exec Addr    Load Addr    Size         Type   Attr      Idx    E Section Name        Object

    0x20000000        -       0x00000400   Zero   RW            1    stack               1.o


==============================================================================

Image component sizes


      Code (inc. data)   RO Data    RW Data    ZI Data      Debug   Object Name

       288         74          0          0       1024        292   1.o

    ----------------------------------------------------------------------
       288         74          0          0       1024        292   Object Totals
         0          0          0          0          0          0   (incl. Generated)
         0          0          0          0          0          0   (incl. Padding)

    ----------------------------------------------------------------------
         0          0          0          0          0          0   Library Totals
         0          0          0          0          0          0   (incl. Padding)

    ----------------------------------------------------------------------

==============================================================================


      Code (inc. data)   RO Data    RW Data    ZI Data      Debug   

       288         74          0          0       1024        292   Grand Totals
       288         74          0          0       1024        292   ELF Image Totals
       288         74          0          0          0          0   ROM Totals

==============================================================================

    Total RO  Size (Code + RO Data)                  288 (   0.28kB)
    Total RW  Size (RW Data + ZI Data)              1024 (   1.00kB)
    Total ROM Size (Code + RO Data + RW Data)        288 (   0.28kB)

==============================================================================

