Component: ARM Compiler 5.06 update 6 (build 750) Tool: armlink [4d35ed]

==============================================================================

Section Cross References

    lab1.o(reset) refers to lab1.o(stack) for stack_top
    lab1.o(reset) refers to lab1.o(program) for start


==============================================================================

Image Symbol Table

    Local Symbols

    Symbol Name                              Value     Ov Type        Size  Object(Section)

    lab1.s                                   0x00000000   Number         0  lab1.o ABSOLUTE
    reset                                    0x08000000   Section        8  lab1.o(reset)
    program                                  0x08000008   Section      272  lab1.o(program)
    start                                    0x08000009   Thumb Code     0  lab1.o(program)
    stack                                    0x20000000   Section     1024  lab1.o(stack)
    stack_top                                0x20000400   Data           0  lab1.o(stack)

    Global Symbols

    Symbol Name                              Value     Ov Type        Size  Object(Section)

    BuildAttributes$$THM_ISAv4$P$D$K$B$S$PE$A:L22UL41UL21$X:L11$S22US41US21$IEEE1$IW$USESV6$~STKCKD$USESV7$~SHL$OSPACE$EBA8$STANDARDLIB$PRES8$EABIv2 0x00000000   Number         0  anon$$obj.o ABSOLUTE



==============================================================================

Memory Map of the image

  Image Entry point : 0x08000009

  Load Region LR_IROM1 (Base: 0x08000000, Size: 0x00000118, Max: 0x00020000, ABSOLUTE)

    Execution Region ER_IROM1 (Exec base: 0x08000000, Load base: 0x08000000, Size: 0x00000118, Max: 0x00020000, ABSOLUTE)

    Exec Addr    Load Addr    Size         Type   Attr      Idx    E Section Name        Object

    0x08000000   0x08000000   0x00000008   Data   RO            2    reset               lab1.o
    0x08000008   0x08000008   0x00000110   Code   RO            3  * program             lab1.o


    Execution Region RW_IRAM1 (Exec base: 0x20000000, Load base: 0x08000118, Size: 0x00000400, Max: 0x00008000, ABSOLUTE)

    Exec Addr    Load Addr    Size         Type   Attr      Idx    E Section Name        Object

    0x20000000        -       0x00000400   Zero   RW            1    stack               lab1.o


==============================================================================

Image component sizes


      Code (inc. data)   RO Data    RW Data    ZI Data      Debug   Object Name

       272         34          8          0       1024        304   lab1.o

    ----------------------------------------------------------------------
       272         34          8          0       1024        304   Object Totals
         0          0          0          0          0          0   (incl. Generated)
         0          0          0          0          0          0   (incl. Padding)

    ----------------------------------------------------------------------
         0          0          0          0          0          0   Library Totals
         0          0          0          0          0          0   (incl. Padding)

    ----------------------------------------------------------------------

==============================================================================


      Code (inc. data)   RO Data    RW Data    ZI Data      Debug   

       272         34          8          0       1024        304   Grand Totals
       272         34          8          0       1024        304   ELF Image Totals
       272         34          8          0          0          0   ROM Totals

==============================================================================

    Total RO  Size (Code + RO Data)                  280 (   0.27kB)
    Total RW  Size (RW Data + ZI Data)              1024 (   1.00kB)
    Total ROM Size (Code + RO Data + RW Data)        280 (   0.27kB)

==============================================================================

